------------------------------------------------------------
Timing Analyzer Summary
------------------------------------------------------------

Type  : Slow 1200mV 85C Model Setup 'contador_mod255:ctr|d_flipflop:dff2|flipflop_inst'
Slack : -7.466
TNS   : -109.656

Type  : Slow 1200mV 85C Model Setup 'contador_mod255:ctr|d_flipflop:dff0|flipflop_inst'
Slack : -7.414
TNS   : -105.033

Type  : Slow 1200mV 85C Model Setup 'contador_mod255:ctr|d_flipflop:dff1|flipflop_inst'
Slack : -7.387
TNS   : -107.949

Type  : Slow 1200mV 85C Model Setup 'contador_mod255:ctr|d_flipflop:dff6|flipflop_inst'
Slack : -7.287
TNS   : -105.787

Type  : Slow 1200mV 85C Model Setup 'contador_mod255:ctr|d_flipflop:dff3|flipflop_inst'
Slack : -7.181
TNS   : -104.765

Type  : Slow 1200mV 85C Model Setup 'contador_mod255:ctr|d_flipflop:dff5|flipflop_inst'
Slack : -7.049
TNS   : -102.579

Type  : Slow 1200mV 85C Model Setup 'contador_mod255:ctr|d_flipflop:dff4|flipflop_inst'
Slack : -6.871
TNS   : -99.305

Type  : Slow 1200mV 85C Model Setup 'B[0]'
Slack : -5.163
TNS   : -70.188

Type  : Slow 1200mV 85C Model Hold 'B[0]'
Slack : -1.983
TNS   : -29.741

Type  : Slow 1200mV 85C Model Hold 'contador_mod255:ctr|d_flipflop:dff4|flipflop_inst'
Slack : -0.471
TNS   : -7.061

Type  : Slow 1200mV 85C Model Hold 'contador_mod255:ctr|d_flipflop:dff5|flipflop_inst'
Slack : -0.280
TNS   : -4.196

Type  : Slow 1200mV 85C Model Hold 'contador_mod255:ctr|d_flipflop:dff3|flipflop_inst'
Slack : -0.148
TNS   : -2.216

Type  : Slow 1200mV 85C Model Hold 'contador_mod255:ctr|d_flipflop:dff6|flipflop_inst'
Slack : -0.032
TNS   : -0.476

Type  : Slow 1200mV 85C Model Hold 'contador_mod255:ctr|d_flipflop:dff1|flipflop_inst'
Slack : 0.068
TNS   : 0.000

Type  : Slow 1200mV 85C Model Hold 'contador_mod255:ctr|d_flipflop:dff0|flipflop_inst'
Slack : 0.100
TNS   : 0.000

Type  : Slow 1200mV 85C Model Hold 'contador_mod255:ctr|d_flipflop:dff2|flipflop_inst'
Slack : 0.206
TNS   : 0.000

Type  : Slow 1200mV 85C Model Minimum Pulse Width 'B[0]'
Slack : -3.000
TNS   : -26.851

Type  : Slow 1200mV 85C Model Minimum Pulse Width 'contador_mod255:ctr|d_flipflop:dff1|flipflop_inst'
Slack : -1.403
TNS   : -25.254

Type  : Slow 1200mV 85C Model Minimum Pulse Width 'contador_mod255:ctr|d_flipflop:dff2|flipflop_inst'
Slack : -1.403
TNS   : -25.254

Type  : Slow 1200mV 85C Model Minimum Pulse Width 'contador_mod255:ctr|d_flipflop:dff3|flipflop_inst'
Slack : -1.403
TNS   : -25.254

Type  : Slow 1200mV 85C Model Minimum Pulse Width 'contador_mod255:ctr|d_flipflop:dff4|flipflop_inst'
Slack : -1.403
TNS   : -25.254

Type  : Slow 1200mV 85C Model Minimum Pulse Width 'contador_mod255:ctr|d_flipflop:dff5|flipflop_inst'
Slack : -1.403
TNS   : -25.254

Type  : Slow 1200mV 85C Model Minimum Pulse Width 'contador_mod255:ctr|d_flipflop:dff6|flipflop_inst'
Slack : -1.403
TNS   : -25.254

Type  : Slow 1200mV 85C Model Minimum Pulse Width 'contador_mod255:ctr|d_flipflop:dff0|flipflop_inst'
Slack : -1.403
TNS   : -23.851

Type  : Slow 1200mV 0C Model Setup 'contador_mod255:ctr|d_flipflop:dff2|flipflop_inst'
Slack : -6.735
TNS   : -99.622

Type  : Slow 1200mV 0C Model Setup 'contador_mod255:ctr|d_flipflop:dff0|flipflop_inst'
Slack : -6.697
TNS   : -95.577

Type  : Slow 1200mV 0C Model Setup 'contador_mod255:ctr|d_flipflop:dff1|flipflop_inst'
Slack : -6.662
TNS   : -98.032

Type  : Slow 1200mV 0C Model Setup 'contador_mod255:ctr|d_flipflop:dff6|flipflop_inst'
Slack : -6.583
TNS   : -96.303

Type  : Slow 1200mV 0C Model Setup 'contador_mod255:ctr|d_flipflop:dff3|flipflop_inst'
Slack : -6.482
TNS   : -95.268

Type  : Slow 1200mV 0C Model Setup 'contador_mod255:ctr|d_flipflop:dff5|flipflop_inst'
Slack : -6.369
TNS   : -93.415

Type  : Slow 1200mV 0C Model Setup 'contador_mod255:ctr|d_flipflop:dff4|flipflop_inst'
Slack : -6.207
TNS   : -90.406

Type  : Slow 1200mV 0C Model Setup 'B[0]'
Slack : -4.579
TNS   : -62.789

Type  : Slow 1200mV 0C Model Hold 'B[0]'
Slack : -1.871
TNS   : -28.065

Type  : Slow 1200mV 0C Model Hold 'contador_mod255:ctr|d_flipflop:dff4|flipflop_inst'
Slack : -0.423
TNS   : -6.345

Type  : Slow 1200mV 0C Model Hold 'contador_mod255:ctr|d_flipflop:dff5|flipflop_inst'
Slack : -0.250
TNS   : -3.750

Type  : Slow 1200mV 0C Model Hold 'contador_mod255:ctr|d_flipflop:dff3|flipflop_inst'
Slack : -0.136
TNS   : -2.040

Type  : Slow 1200mV 0C Model Hold 'contador_mod255:ctr|d_flipflop:dff6|flipflop_inst'
Slack : -0.025
TNS   : -0.375

Type  : Slow 1200mV 0C Model Hold 'contador_mod255:ctr|d_flipflop:dff1|flipflop_inst'
Slack : 0.052
TNS   : 0.000

Type  : Slow 1200mV 0C Model Hold 'contador_mod255:ctr|d_flipflop:dff0|flipflop_inst'
Slack : 0.093
TNS   : 0.000

Type  : Slow 1200mV 0C Model Hold 'contador_mod255:ctr|d_flipflop:dff2|flipflop_inst'
Slack : 0.170
TNS   : 0.000

Type  : Slow 1200mV 0C Model Minimum Pulse Width 'B[0]'
Slack : -3.000
TNS   : -26.851

Type  : Slow 1200mV 0C Model Minimum Pulse Width 'contador_mod255:ctr|d_flipflop:dff1|flipflop_inst'
Slack : -1.403
TNS   : -25.254

Type  : Slow 1200mV 0C Model Minimum Pulse Width 'contador_mod255:ctr|d_flipflop:dff2|flipflop_inst'
Slack : -1.403
TNS   : -25.254

Type  : Slow 1200mV 0C Model Minimum Pulse Width 'contador_mod255:ctr|d_flipflop:dff3|flipflop_inst'
Slack : -1.403
TNS   : -25.254

Type  : Slow 1200mV 0C Model Minimum Pulse Width 'contador_mod255:ctr|d_flipflop:dff4|flipflop_inst'
Slack : -1.403
TNS   : -25.254

Type  : Slow 1200mV 0C Model Minimum Pulse Width 'contador_mod255:ctr|d_flipflop:dff5|flipflop_inst'
Slack : -1.403
TNS   : -25.254

Type  : Slow 1200mV 0C Model Minimum Pulse Width 'contador_mod255:ctr|d_flipflop:dff6|flipflop_inst'
Slack : -1.403
TNS   : -25.254

Type  : Slow 1200mV 0C Model Minimum Pulse Width 'contador_mod255:ctr|d_flipflop:dff0|flipflop_inst'
Slack : -1.403
TNS   : -23.851

Type  : Fast 1200mV 0C Model Setup 'contador_mod255:ctr|d_flipflop:dff2|flipflop_inst'
Slack : -2.792
TNS   : -42.072

Type  : Fast 1200mV 0C Model Setup 'contador_mod255:ctr|d_flipflop:dff1|flipflop_inst'
Slack : -2.791
TNS   : -42.052

Type  : Fast 1200mV 0C Model Setup 'contador_mod255:ctr|d_flipflop:dff0|flipflop_inst'
Slack : -2.776
TNS   : -40.227

Type  : Fast 1200mV 0C Model Setup 'contador_mod255:ctr|d_flipflop:dff6|flipflop_inst'
Slack : -2.678
TNS   : -40.131

Type  : Fast 1200mV 0C Model Setup 'contador_mod255:ctr|d_flipflop:dff3|flipflop_inst'
Slack : -2.677
TNS   : -40.114

Type  : Fast 1200mV 0C Model Setup 'contador_mod255:ctr|d_flipflop:dff5|flipflop_inst'
Slack : -2.581
TNS   : -38.482

Type  : Fast 1200mV 0C Model Setup 'contador_mod255:ctr|d_flipflop:dff4|flipflop_inst'
Slack : -2.524
TNS   : -37.513

Type  : Fast 1200mV 0C Model Setup 'B[0]'
Slack : -1.553
TNS   : -21.794

Type  : Fast 1200mV 0C Model Hold 'B[0]'
Slack : -1.112
TNS   : -16.672

Type  : Fast 1200mV 0C Model Hold 'contador_mod255:ctr|d_flipflop:dff4|flipflop_inst'
Slack : -0.231
TNS   : -3.457

Type  : Fast 1200mV 0C Model Hold 'contador_mod255:ctr|d_flipflop:dff5|flipflop_inst'
Slack : -0.169
TNS   : -2.527

Type  : Fast 1200mV 0C Model Hold 'contador_mod255:ctr|d_flipflop:dff3|flipflop_inst'
Slack : -0.072
TNS   : -1.072

Type  : Fast 1200mV 0C Model Hold 'contador_mod255:ctr|d_flipflop:dff6|flipflop_inst'
Slack : -0.067
TNS   : -0.997

Type  : Fast 1200mV 0C Model Hold 'contador_mod255:ctr|d_flipflop:dff0|flipflop_inst'
Slack : 0.033
TNS   : 0.000

Type  : Fast 1200mV 0C Model Hold 'contador_mod255:ctr|d_flipflop:dff1|flipflop_inst'
Slack : 0.046
TNS   : 0.000

Type  : Fast 1200mV 0C Model Hold 'contador_mod255:ctr|d_flipflop:dff2|flipflop_inst'
Slack : 0.052
TNS   : 0.000

Type  : Fast 1200mV 0C Model Minimum Pulse Width 'B[0]'
Slack : -3.000
TNS   : -20.740

Type  : Fast 1200mV 0C Model Minimum Pulse Width 'contador_mod255:ctr|d_flipflop:dff1|flipflop_inst'
Slack : -1.000
TNS   : -18.000

Type  : Fast 1200mV 0C Model Minimum Pulse Width 'contador_mod255:ctr|d_flipflop:dff2|flipflop_inst'
Slack : -1.000
TNS   : -18.000

Type  : Fast 1200mV 0C Model Minimum Pulse Width 'contador_mod255:ctr|d_flipflop:dff3|flipflop_inst'
Slack : -1.000
TNS   : -18.000

Type  : Fast 1200mV 0C Model Minimum Pulse Width 'contador_mod255:ctr|d_flipflop:dff4|flipflop_inst'
Slack : -1.000
TNS   : -18.000

Type  : Fast 1200mV 0C Model Minimum Pulse Width 'contador_mod255:ctr|d_flipflop:dff5|flipflop_inst'
Slack : -1.000
TNS   : -18.000

Type  : Fast 1200mV 0C Model Minimum Pulse Width 'contador_mod255:ctr|d_flipflop:dff6|flipflop_inst'
Slack : -1.000
TNS   : -18.000

Type  : Fast 1200mV 0C Model Minimum Pulse Width 'contador_mod255:ctr|d_flipflop:dff0|flipflop_inst'
Slack : -1.000
TNS   : -17.000

------------------------------------------------------------
